// Jest Snapshot v1, https://goo.gl/fbAQLP

exports[`blocks Can return aggregated data 1`] = `
Object {
  "blocks": Array [
    Object {
      "number": 24366,
      "transactions_aggregate": Object {
        "aggregate": Object {
          "avg": Object {
            "fee": 165816.4157303371,
            "size": 237.1685393258427,
            "totalOutput": 6816622.775280898,
          },
          "count": "267",
          "max": Object {
            "fee": "165853",
            "size": "238",
            "totalOutput": "9834191",
          },
          "min": Object {
            "fee": "165809",
            "size": "237",
            "totalOutput": "3336720",
          },
          "sum": Object {
            "deposit": "0",
            "fee": "44272983",
            "size": "63324",
            "totalOutput": "1820038281",
          },
        },
      },
    },
  ],
}
`;

exports[`blocks Can return blocks by number 1`] = `
Object {
  "blocks": Array [
    Object {
      "hash": "36df626fe5fef1a0b0ecbc7ee50a1d1a1eff71da4996b3175a0628fe5c5f66b3",
      "vrfKey": "vrf_vk1g8j3ckz2mq80xg75jvhp5qrny5428j0ufmd8xh0y9g6jc5da4mrqu4m9e5",
    },
    Object {
      "hash": "6f6648c7fc6862a6f05c9f63851c547a4ea4d9f3f6e70ad4739d82385379a844",
      "vrfKey": "vrf_vk1g8j3ckz2mq80xg75jvhp5qrny5428j0ufmd8xh0y9g6jc5da4mrqu4m9e5",
    },
  ],
}
`;

exports[`blocks Can return filtered aggregated data 1`] = `
Object {
  "blocks": Array [
    Object {
      "number": 24366,
      "transactions_aggregate": Object {
        "aggregate": Object {
          "count": "267",
        },
      },
    },
  ],
}
`;

exports[`blocks are linked to their predecessor, and the chain can be traversed 1`] = `
Object {
  "blocks": Array [
    Object {
      "hash": "9fdc0c7749e6604108de336fabb4af252898dae4c0475b1504f9775ebf35330b",
      "previousBlock": Object {
        "number": 29021,
        "previousBlock": Object {
          "number": 29020,
          "previousBlock": Object {
            "number": 29019,
          },
        },
      },
    },
  ],
}
`;

exports[`blocks are linked to their successor, and the chain can be traversed 1`] = `
Object {
  "blocks": Array [
    Object {
      "hash": "9fdc0c7749e6604108de336fabb4af252898dae4c0475b1504f9775ebf35330b",
      "nextBlock": Object {
        "nextBlock": Object {
          "nextBlock": Object {
            "number": 29025,
          },
          "number": 29024,
        },
        "number": 29023,
      },
    },
  ],
}
`;
