// Jest Snapshot v1, https://goo.gl/fbAQLP

exports[`epochs Can return aggregated Epoch data 1`] = `
Object {
  "epochs_aggregate": Object {
    "aggregate": Object {
      "count": "10",
      "max": Object {
        "number": 9,
        "output": "19676113940058444000",
        "transactionsCount": "26157",
      },
      "min": Object {
        "output": "69497484671",
        "transactionsCount": "1",
      },
      "sum": Object {
        "output": "21711639132459490000",
        "transactionsCount": "31388",
      },
    },
  },
}
`;

exports[`epochs Can return aggregated data 1`] = `
Object {
  "epochs": Array [
    Object {
      "activeStake_aggregate": Object {
        "aggregate": Object {
          "sum": Object {
            "amount": null,
          },
        },
      },
      "blocksCount": "1109",
      "blocks_aggregate": Object {
        "aggregate": Object {
          "avg": Object {
            "fees": 186.2912533814247,
            "size": 5.047790802524797,
          },
          "count": "1109",
          "max": Object {
            "fees": "206597",
            "size": "1166",
          },
          "min": Object {
            "fees": "0",
            "size": "4",
          },
          "sum": Object {
            "fees": "206597",
            "size": "5598",
          },
        },
      },
      "fees": 206597,
      "number": 1,
    },
  ],
}
`;

exports[`epochs Can return filtered aggregated data 1`] = `
Object {
  "epochs": Array [
    Object {
      "blocks_aggregate": Object {
        "aggregate": Object {
          "count": "0",
        },
      },
      "fees": 206597,
      "number": 1,
    },
  ],
}
`;

exports[`epochs Includes protocol params in effect for the epoch 1`] = `
Object {
  "epochs": Array [],
}
`;

exports[`epochs Returns epoch details by number 1`] = `
Object {
  "epochs": Array [],
}
`;

exports[`epochs Returns epoch details by number range 1`] = `
Object {
  "epochs": Array [
    Object {
      "adaPots": Object {
        "deposits": "9739600000",
        "fees": "62396522",
        "reserves": "14975145662311182",
        "rewards": "0",
        "slotNo": 864044,
        "treasury": "24860041175471",
        "utxo": "29999984494516824",
      },
      "blocksCount": "4239",
      "fees": 1091493349,
      "lastBlockTime": "2022-08-19T23:58:14Z",
      "number": 10,
      "output": "1168825256280",
      "startedAt": "2022-08-19T00:00:44Z",
      "transactionsCount": "442",
    },
    Object {
      "adaPots": Object {
        "deposits": "24260400000",
        "fees": "1783025671",
        "reserves": "14961194038292192",
        "rewards": "32351421096",
        "slotNo": 1296017,
        "treasury": "38783640116404",
        "utxo": "29999963926744636",
      },
      "blocksCount": "4080",
      "fees": 1471282709,
      "lastBlockTime": "2022-08-24T23:59:47Z",
      "number": 15,
      "output": "15125301253910",
      "startedAt": "2022-08-24T00:00:17Z",
      "transactionsCount": "7315",
    },
    Object {
      "adaPots": Object {
        "deposits": "27281200000",
        "fees": "1391806282",
        "reserves": "14947109679035606",
        "rewards": "154597816091",
        "slotNo": 1728010,
        "treasury": "52745584910441",
        "utxo": "29999961465231580",
      },
      "blocksCount": "4148",
      "fees": 945465569,
      "lastBlockTime": "2022-08-29T23:59:47Z",
      "number": 20,
      "output": "15034200660953",
      "startedAt": "2022-08-29T00:00:10Z",
      "transactionsCount": "3999",
    },
  ],
}
`;
